2026-05-06T23:23:13.253Z [SwiftPOS Retail] error: Error in authenticateToken middleware: jwt expired {"name":"TokenExpiredError","expiredAt":"2026-04-19T14:22:20.000Z","stack":"TokenExpiredError: jwt expired\n    at C:\\Users\\previ\\Downloads\\POS System\\server\\node_modules\\jsonwebtoken\\verify.js:190:21\n    at getSecret (C:\\Users\\previ\\Downloads\\POS System\\server\\node_modules\\jsonwebtoken\\verify.js:97:14)\n    at module.exports [as verify] (C:\\Users\\previ\\Downloads\\POS System\\server\\node_modules\\jsonwebtoken\\verify.js:101:10)\n    at authenticateToken (file:///C:/Users/previ/Downloads/POS%20System/server/src/middlewares/auth.middleware.js:19:25)\n    at Layer.handleRequest (C:\\Users\\previ\\Downloads\\POS System\\server\\node_modules\\router\\lib\\layer.js:152:17)\n    at trimPrefix (C:\\Users\\previ\\Downloads\\POS System\\server\\node_modules\\router\\index.js:342:13)\n    at C:\\Users\\previ\\Downloads\\POS System\\server\\node_modules\\router\\index.js:297:9\n    at processParams (C:\\Users\\previ\\Downloads\\POS System\\server\\node_modules\\router\\index.js:582:12)\n    at next (C:\\Users\\previ\\Downloads\\POS System\\server\\node_modules\\router\\index.js:291:5)\n    at Function.handle (C:\\Users\\previ\\Downloads\\POS System\\server\\node_modules\\router\\index.js:186:3)"}
2026-05-06T23:23:13.279Z [SwiftPOS Retail] error: Error in authenticateToken middleware: jwt expired {"name":"TokenExpiredError","expiredAt":"2026-04-19T14:22:20.000Z","stack":"TokenExpiredError: jwt expired\n    at C:\\Users\\previ\\Downloads\\POS System\\server\\node_modules\\jsonwebtoken\\verify.js:190:21\n    at getSecret (C:\\Users\\previ\\Downloads\\POS System\\server\\node_modules\\jsonwebtoken\\verify.js:97:14)\n    at module.exports [as verify] (C:\\Users\\previ\\Downloads\\POS System\\server\\node_modules\\jsonwebtoken\\verify.js:101:10)\n    at authenticateToken (file:///C:/Users/previ/Downloads/POS%20System/server/src/middlewares/auth.middleware.js:19:25)\n    at Layer.handleRequest (C:\\Users\\previ\\Downloads\\POS System\\server\\node_modules\\router\\lib\\layer.js:152:17)\n    at trimPrefix (C:\\Users\\previ\\Downloads\\POS System\\server\\node_modules\\router\\index.js:342:13)\n    at C:\\Users\\previ\\Downloads\\POS System\\server\\node_modules\\router\\index.js:297:9\n    at processParams (C:\\Users\\previ\\Downloads\\POS System\\server\\node_modules\\router\\index.js:582:12)\n    at next (C:\\Users\\previ\\Downloads\\POS System\\server\\node_modules\\router\\index.js:291:5)\n    at Function.handle (C:\\Users\\previ\\Downloads\\POS System\\server\\node_modules\\router\\index.js:186:3)"}
2026-05-06T23:23:13.286Z [SwiftPOS Retail] error: Error in authenticateToken middleware: jwt expired {"name":"TokenExpiredError","expiredAt":"2026-04-19T14:22:20.000Z","stack":"TokenExpiredError: jwt expired\n    at C:\\Users\\previ\\Downloads\\POS System\\server\\node_modules\\jsonwebtoken\\verify.js:190:21\n    at getSecret (C:\\Users\\previ\\Downloads\\POS System\\server\\node_modules\\jsonwebtoken\\verify.js:97:14)\n    at module.exports [as verify] (C:\\Users\\previ\\Downloads\\POS System\\server\\node_modules\\jsonwebtoken\\verify.js:101:10)\n    at authenticateToken (file:///C:/Users/previ/Downloads/POS%20System/server/src/middlewares/auth.middleware.js:19:25)\n    at Layer.handleRequest (C:\\Users\\previ\\Downloads\\POS System\\server\\node_modules\\router\\lib\\layer.js:152:17)\n    at next (C:\\Users\\previ\\Downloads\\POS System\\server\\node_modules\\router\\lib\\route.js:157:13)\n    at Route.dispatch (C:\\Users\\previ\\Downloads\\POS System\\server\\node_modules\\router\\lib\\route.js:117:3)\n    at handle (C:\\Users\\previ\\Downloads\\POS System\\server\\node_modules\\router\\index.js:435:11)\n    at Layer.handleRequest (C:\\Users\\previ\\Downloads\\POS System\\server\\node_modules\\router\\lib\\layer.js:152:17)\n    at C:\\Users\\previ\\Downloads\\POS System\\server\\node_modules\\router\\index.js:295:15"}
2026-05-06T23:26:46.401Z [SwiftPOS Retail] info: {"event":"payment.initialize.success","correlationId":"71c5e69c-8c10-4529-b938-2555f8157e18","userId":"cmnq7rfty0007jbro79q28wph","endpoint":"POST /api/payments/initialize","reference":"POS-1778110005128-PV27CJ","paymentMethod":"CARD","status":"PENDING"}
2026-05-06T23:27:21.252Z [SwiftPOS Retail] info: [sales.createSale] request paymentMethod=CASH itemCount=2
2026-05-06T23:27:21.267Z [SwiftPOS Retail] info: [salesRepository.createSale] begin itemCount=2 paymentMethod=CASH
2026-05-06T23:27:21.323Z [SwiftPOS Retail] info: [salesRepository.createSale] sale row created saleId=cmouot4my0005jba00ukrccdj items=2
2026-05-06T23:27:21.329Z [SwiftPOS Retail] info: [salesRepository.createSale] inventory updated productId=cmnq7rg25001hjbroiblvtk80 before=99 after=98
2026-05-06T23:27:21.345Z [SwiftPOS Retail] info: [salesRepository.createSale] inventory updated productId=cmnq7rg200019jbroduntne8m before=71 after=70
2026-05-06T23:27:21.352Z [SwiftPOS Retail] info: [salesRepository.createSale] loyalty points updated customerId=cmnq7rg460043jbrofirfazyw points=14
2026-05-06T23:27:21.362Z [SwiftPOS Retail] info: [salesRepository.createSale] transaction complete saleId=cmouot4my0005jba00ukrccdj
2026-05-06T23:27:21.364Z [SwiftPOS Retail] info: New sale created: cmouot4my0005jba00ukrccdj
2026-05-06T23:27:21.364Z [SwiftPOS Retail] info: [sales.createSale] sale created saleId=cmouot4my0005jba00ukrccdj totalAmount=14.58 status=COMPLETED
2026-05-06T23:27:33.295Z [SwiftPOS Retail] info: [sales.createSale] request paymentMethod=CASH itemCount=1
2026-05-06T23:27:33.296Z [SwiftPOS Retail] info: [salesRepository.createSale] begin itemCount=1 paymentMethod=CASH
2026-05-06T23:27:33.303Z [SwiftPOS Retail] info: [salesRepository.createSale] sale row created saleId=cmouotdwy000ijba0cajfxply items=1
2026-05-06T23:27:33.306Z [SwiftPOS Retail] info: [salesRepository.createSale] inventory updated productId=cmnq7rg1y0017jbrovbyc6jne before=61 after=60
2026-05-06T23:27:33.309Z [SwiftPOS Retail] info: [salesRepository.createSale] loyalty points updated customerId=cmnq7rg3x003xjbrobz9j4wul points=15
2026-05-06T23:27:33.311Z [SwiftPOS Retail] info: [salesRepository.createSale] transaction complete saleId=cmouotdwy000ijba0cajfxply
2026-05-06T23:27:33.312Z [SwiftPOS Retail] info: New sale created: cmouotdwy000ijba0cajfxply
2026-05-06T23:27:33.313Z [SwiftPOS Retail] info: [sales.createSale] sale created saleId=cmouotdwy000ijba0cajfxply totalAmount=15 status=COMPLETED
2026-05-06T23:28:01.855Z [SwiftPOS Retail] info: [sales.createSale] request paymentMethod=CASH itemCount=1
2026-05-06T23:28:01.858Z [SwiftPOS Retail] info: [salesRepository.createSale] begin itemCount=1 paymentMethod=CASH
2026-05-06T23:28:01.870Z [SwiftPOS Retail] info: [salesRepository.createSale] sale row created saleId=cmouotzye000sjba0okcn3tzh items=1
2026-05-06T23:28:01.877Z [SwiftPOS Retail] info: [salesRepository.createSale] inventory updated productId=cmnq7rg21001bjbro6x6zny7g before=33 after=32
2026-05-06T23:28:01.887Z [SwiftPOS Retail] info: [salesRepository.createSale] loyalty points updated customerId=cmnq7rg3x003xjbrobz9j4wul points=18
2026-05-06T23:28:01.891Z [SwiftPOS Retail] info: [salesRepository.createSale] transaction complete saleId=cmouotzye000sjba0okcn3tzh
2026-05-06T23:28:01.900Z [SwiftPOS Retail] info: New sale created: cmouotzye000sjba0okcn3tzh
2026-05-06T23:28:01.901Z [SwiftPOS Retail] info: [sales.createSale] sale created saleId=cmouotzye000sjba0okcn3tzh totalAmount=18.4 status=COMPLETED
2026-05-06T23:28:31.136Z [SwiftPOS Retail] info: {"event":"payment.initialize.success","correlationId":"67a66c33-a027-4c09-a842-7923392e6dfa","userId":"cmnq7rfty0007jbro79q28wph","endpoint":"POST /api/payments/initialize","reference":"POS-1778110110157-MA4Q5V","paymentMethod":"CARD","status":"PENDING"}
2026-05-06T23:29:38.808Z [SwiftPOS Retail] info: {"event":"payment.initialize.success","correlationId":"6ee4cd6a-a741-4bb5-b642-da922e6e3a80","userId":"cmnq7rfty0007jbro79q28wph","endpoint":"POST /api/payments/initialize","reference":"POS-1778110177931-OQUICK","paymentMethod":"CARD","status":"PENDING"}
2026-05-06T23:31:36.285Z [SwiftPOS Retail] info: {"event":"payment.initialize.failed","correlationId":"3298cb85-4a4d-466b-98c4-aa627daf505e","userId":"cmnq7rfty0007jbro79q28wph","endpoint":"POST /api/payments/initialize","error":"Charge attempted"}
2026-05-06T23:31:36.286Z [SwiftPOS Retail] error: Payment initialize failed: Charge attempted
2026-05-06T23:31:41.946Z [SwiftPOS Retail] info: {"event":"payment.initialize.failed","correlationId":"df252c94-d077-44db-83a2-fe66aa7a24c7","userId":"cmnq7rfty0007jbro79q28wph","endpoint":"POST /api/payments/initialize","error":"Charge attempted"}
2026-05-06T23:31:41.947Z [SwiftPOS Retail] error: Payment initialize failed: Charge attempted
2026-05-06T23:32:41.531Z [SwiftPOS Retail] info: {"event":"payment.initialize.success","correlationId":"2836fed5-c1ec-44bd-a2c1-b48ba6084c5c","userId":"cmnq7rfty0007jbro79q28wph","endpoint":"POST /api/payments/initialize","reference":"MOMO-10f0e16d-743e-483e-ad80-c9eff93787a5","paymentMethod":"MOBILE_MONEY","status":"PENDING"}
2026-05-06T23:32:41.955Z [SwiftPOS Retail] info: {"event":"payment.verify.success","correlationId":"02b6db0f-c7ee-43f0-ac6a-8c718bbf2c9e","userId":"cmnq7rfty0007jbro79q28wph","endpoint":"GET /api/payments/verify/MOMO-10f0e16d-743e-483e-ad80-c9eff93787a5","reference":"MOMO-10f0e16d-743e-483e-ad80-c9eff93787a5","status":"SUCCESS","saleStatus":"COMPLETED"}
2026-05-06T23:34:56.966Z [SwiftPOS Retail] info: {"event":"payment.initialize.success","correlationId":"40af29a4-790b-4ffd-b8fa-6d1ab6fee357","userId":"cmnq7rfty0007jbro79q28wph","endpoint":"POST /api/payments/initialize","reference":"POS-1778110496347-HK6XPL","paymentMethod":"CARD","status":"PENDING"}
2026-05-06T23:37:25.566Z [SwiftPOS Retail] info: {"event":"payment.initialize.success","correlationId":"97802645-3a31-498c-9703-b4ef4ad9c843","userId":"cmnq7rfty0007jbro79q28wph","endpoint":"POST /api/payments/initialize","reference":"POS-1778110644726-HSNQYW","paymentMethod":"CARD","status":"PENDING"}
2026-05-06T23:44:43.872Z [SwiftPOS Retail] info: {"event":"payment.initialize.success","correlationId":"62abd2e2-b1c3-4e98-87f5-f1cccb004589","userId":"cmnq7rfty0007jbro79q28wph","endpoint":"POST /api/payments/initialize","reference":"POS-1778111083182-Q3DYRI","paymentMethod":"CARD","status":"PENDING"}
2026-05-06T23:51:03.766Z [SwiftPOS Retail] info: [sales.createSale] request paymentMethod=CASH itemCount=2
2026-05-06T23:51:03.782Z [SwiftPOS Retail] info: [salesRepository.createSale] begin itemCount=2 paymentMethod=CASH
2026-05-06T23:51:03.826Z [SwiftPOS Retail] info: [salesRepository.createSale] sale row created saleId=cmoupnm9d0000jb2o810ayatm items=2
2026-05-06T23:51:03.836Z [SwiftPOS Retail] info: [salesRepository.createSale] inventory updated productId=cmnq7rg24001fjbrocrdldfqe before=39 after=36
2026-05-06T23:51:03.847Z [SwiftPOS Retail] info: [salesRepository.createSale] inventory updated productId=cmnq7rg200019jbroduntne8m before=70 after=69
2026-05-06T23:51:03.853Z [SwiftPOS Retail] info: [salesRepository.createSale] transaction complete saleId=cmoupnm9d0000jb2o810ayatm
2026-05-06T23:51:03.858Z [SwiftPOS Retail] info: New sale created: cmoupnm9d0000jb2o810ayatm
2026-05-06T23:51:03.860Z [SwiftPOS Retail] info: [sales.createSale] sale created saleId=cmoupnm9d0000jb2o810ayatm totalAmount=45.05 status=COMPLETED
2026-05-06T23:51:22.507Z [SwiftPOS Retail] info: {"event":"payment.initialize.success","correlationId":"ac1621a2-be2a-4644-bf0a-72853907af24","userId":"cmnq7rfty0007jbro79q28wph","endpoint":"POST /api/payments/initialize","reference":"POS-1778111481892-P18L4D","paymentMethod":"CARD","status":"PENDING"}
2026-05-06T23:52:11.370Z [SwiftPOS Retail] info: {"event":"payment.initialize.success","correlationId":"07ada3d3-823a-4bc0-b087-b86bbaf810ed","userId":"cmnq7rfty0007jbro79q28wph","endpoint":"POST /api/payments/initialize","reference":"POS-1778111530779-JJPYN0","paymentMethod":"CARD","status":"PENDING"}
